// Jest Snapshot v1, https://goo.gl/fbAQLP

exports[`Landing Component should render correctly with default props and redux store 1`] = `ShallowWrapper {}`;
